[19:20:34] [main/INFO] (FabricLoader/GameProvider) Loading Minecraft 1.21.1 with Fabric Loader 0.19.3
[19:20:34] [main/INFO] (FabricLoader) Loading 46 mods:
	- cloth-basic-math 0.6.1
	- cloth-config 15.0.140
	- fabric-api 0.116.13+1.21.1
	- fabric-api-base 0.4.42+6573ed8c19
	- fabric-api-lookup-api-v1 1.6.72+7b3d111d19
	- fabric-biome-api-v1 13.0.31+d527f9fd19
	- fabric-block-api-v1 1.1.0+0bc3503219
	- fabric-block-view-api-v2 1.0.11+ebb2264e19
	- fabric-command-api-v1 1.2.49+f71b366f19
	- fabric-command-api-v2 2.2.28+6ced4dd919
	- fabric-commands-v0 0.2.66+df3654b319
	- fabric-content-registries-v0 8.0.19+b559734419
	- fabric-convention-tags-v1 2.1.7+7f945d5b19
	- fabric-convention-tags-v2 2.12.0+c3656daa19
	- fabric-crash-report-info-v1 0.2.29+0af3f5a719
	- fabric-data-attachment-api-v1 1.4.7+5b36e0f719
	- fabric-data-generation-api-v1 20.2.38+60a6976219
	- fabric-dimensions-v1 4.0.1+65213ef819
	- fabric-entity-events-v1 1.8.0+2b27e0a419
	- fabric-events-interaction-v0 0.7.14+ba9dae0619
	- fabric-game-rule-api-v1 1.0.53+6ced4dd919
	- fabric-gametest-api-v1 2.0.5+6fc22b9919
	- fabric-item-api-v1 11.2.0+3b3cb2e819
	- fabric-item-group-api-v1 4.1.7+def88e3a19
	- fabric-lifecycle-events-v1 2.6.0+0865547519
	- fabric-loot-api-v2 3.0.15+3f89f5a519
	- fabric-loot-api-v3 1.0.3+3f89f5a519
	- fabric-message-api-v1 6.0.14+8aaf3aca19
	- fabric-networking-api-v1 4.3.1+d30f6a7919
	- fabric-object-builder-api-v1 15.2.1+40875a9319
	- fabric-particles-v1 4.0.2+6573ed8c19
	- fabric-recipe-api-v1 5.0.16+2475392c19
	- fabric-registry-sync-v0 5.3.2+e3eddc2119
	- fabric-rendering-data-attachment-v1 0.3.49+73761d2e19
	- fabric-rendering-fluids-v1 3.1.6+1daea21519
	- fabric-resource-conditions-api-v1 4.3.0+8dc279b119
	- fabric-resource-loader-v0 1.3.1+5b5275af19
	- fabric-screen-handler-api-v1 1.3.91+b559734419
	- fabric-transfer-api-v1 5.4.4+7b3d111d19
	- fabric-transitive-access-wideners-v1 6.2.0+45b9699719
	- fabricloader 0.19.3
	- java 21
	- jei 19.27.0.340
	- minecraft 1.21.1
	- mixinextras 0.5.4
	- stoneycore 1.1.51
[19:20:34] [main/INFO] (FabricLoader/Mixin) SpongePowered MIXIN Subsystem Version=0.8.7 Source=file:/C:/Users/regan/.gradle/caches/modules-2/files-2.1/net.fabricmc/sponge-mixin/0.17.3+mixin.0.8.7/41c4a3984a80f4679e759fb9f495587acc5cdac7/sponge-mixin-0.17.3+mixin.0.8.7.jar Service=Knot/Fabric Env=SERVER
[19:20:34] [main/INFO] (FabricLoader/Mixin) Loaded Fabric development mappings for mixin remapper!
[19:20:34] [main/INFO] (FabricLoader/Mixin) Compatibility level set to JAVA_17
[19:20:34] [main/INFO] (FabricLoader/Mixin) Compatibility level set to JAVA_21
[19:20:34] [main/INFO] (FabricLoader/MixinExtras|Service) Initializing MixinExtras via com.llamalad7.mixinextras.service.MixinExtrasServiceImpl(version=0.5.4).
[19:20:35] [main/WARN] (PerfDataUtil) Failed to add PDH Counter: \Paging File(_Total)\% Usage, Error code: 0xC0000BB8
[19:20:35] [main/WARN] (PerfCounterQueryHandler) Failed to add counter for PDH counter: \Paging File(_Total)\% Usage
[19:20:35] [main/WARN] (PerfCounterQuery) Disabling further attempts to query Paging File.
[19:20:37] [main/WARN] (WmiQueryHandler) COM exception: Invalid Query: SELECT PERCENTUSAGE FROM Win32_PerfRawData_PerfOS_PagingFile
[19:20:42] [main/WARN] (StoneyCore) Could not instantiate banduty.stoneycore.combat.melee.ICombatHelper using default constructor, using anonymous fallback
[19:20:42] [main/INFO] (StoneyCore) Registering Payloads for stoneycore
[19:20:42] [main/INFO] (StoneyCore) Registering C2S Networking for stoneycore
[19:20:42] [main/INFO] (StoneyCore) Hello Fabric world!
[19:20:42] [main/INFO] (StoneyCore) Registering Mod Armor Materials for stoneycore
[19:20:42] [main/INFO] (StoneyCore) Registering Mod Blocks for stoneycore
[19:20:42] [main/ERROR] (Minecraft) No data fixer registered for sc_bullet
[19:20:42] [main/INFO] (StoneyCore) Registering Entities for stoneycore
[19:20:42] [main/INFO] (StoneyCore) Registering Mod Items for stoneycore
[19:20:42] [main/INFO] (StoneyCore) Registering Particles for stoneycore
[19:20:42] [main/INFO] (StoneyCore) Registering ModRecipes for stoneycore
[19:20:42] [main/INFO] (StoneyCore) Registering Menu for stoneycore
[19:20:42] [main/INFO] (StoneyCore) Registering Sounds for stoneycore
[19:20:42] [main/INFO] (StoneyCore) Registered attributes for stoneycore
[19:20:42] [main/INFO] (StoneyCore) Registering Data Components for stoneycore
[19:20:42] [main/INFO] (StoneyCore) Hello to stoneycore
[19:20:42] [main/INFO] (FabricDataGenHelper) Running data generator for stoneycore
[19:20:43] [main/INFO] (Minecraft) Starting provider: StoneyCore/Model Definitions
[19:20:43] [main/INFO] (Minecraft) StoneyCore/Model Definitions finished after 44 ms
[19:20:43] [main/INFO] (Minecraft) Starting provider: StoneyCore/Recipes
[19:20:43] [main/INFO] (Minecraft) StoneyCore/Recipes finished after 36 ms
[19:20:43] [main/INFO] (Minecraft) Starting provider: StoneyCore/Tags for minecraft:item
[19:20:43] [main/INFO] (Minecraft) StoneyCore/Tags for minecraft:item finished after 1 ms
[19:20:43] [main/INFO] (Minecraft) Starting provider: StoneyCore/Tags for minecraft:block
[19:20:43] [main/INFO] (Minecraft) StoneyCore/Tags for minecraft:block finished after 5 ms
[19:20:43] [main/INFO] (Minecraft) Starting provider: StoneyCore/Block Loot Tables
[19:20:43] [main/INFO] (Minecraft) StoneyCore/Block Loot Tables finished after 6 ms
[19:20:43] [main/INFO] (Minecraft) All providers took: 96 ms
[19:20:43] [main/INFO] (Minecraft) Caching: total files: 21, old count: 19, new count: 22, removed stale: 0, written: 2
